exports[`ClientList matches snapshot 1`] = `
<ClientList
  chats={
    Object {
      "id-0": Object {
        "client": Object {
          "first_name": "Robert",
          "last_name": "waffle",
        },
      },
      "id-1": Object {
        "client": Object {
          "first_name": "Lisa",
          "last_name": "pancake",
        },
      },
    }
  }
  config={Object {}}
  dispatch={[Function]}
  operatorFilter="all"
  query=""
  store={
    Object {
      "dispatch": [Function],
      "getState": [Function],
      "subscribe": [Function],
    }
  } />
`;
