exports[`ClientList matches snapshot 1`] = `
<ClientList
  chats={
    Array [
      Object {
        "client": Object {
          "first_name": "Robert",
          "last_name": "waffle",
        },
      },
      Object {
        "client": Object {
          "first_name": "Lisa",
          "last_name": "pancake",
        },
      },
    ]
  }
  operatorFilter="all"
  store={
    Object {
      "dispatch": [Function],
      "getState": [Function],
      "subscribe": [Function],
    }
  } />
`;
