// Jest Snapshot v1, https://goo.gl/fbAQLP

exports[`MessageList matches snapshot 1`] = `
<MessageList
  activeId=""
  chat={Object {}}
  chats={Object {}}
  config={Object {}}
  loadMessageList={[Function]}
  messages={Array []}
  store={
    Object {
      "dispatch": [MockFunction],
      "getState": [MockFunction] {
        "calls": Array [
          Array [],
          Array [],
        ],
        "results": Array [
          Object {
            "isThrow": false,
            "value": Object {
              "chat": Object {
                "messages": Array [],
                "typing": Object {},
              },
              "config": Object {},
            },
          },
          Object {
            "isThrow": false,
            "value": Object {
              "chat": Object {
                "messages": Array [],
                "typing": Object {},
              },
              "config": Object {},
            },
          },
        ],
      },
      "subscribe": [MockFunction] {
        "calls": Array [
          Array [
            [Function],
          ],
        ],
        "results": Array [
          Object {
            "isThrow": false,
            "value": undefined,
          },
        ],
      },
    }
  }
  typing={Object {}}
/>
`;
