// Jest Snapshot v1, https://goo.gl/fbAQLP

exports[`Chat matches snapshot 1`] = `
<Application
  settingsOpen={false}
  store={
    Object {
      "dispatch": [MockFunction],
      "getState": [MockFunction] {
        "calls": Array [
          Array [],
          Array [],
        ],
      },
      "subscribe": [MockFunction] {
        "calls": Array [
          Array [
            [Function],
          ],
        ],
      },
    }
  }
/>
`;
