// Jest Snapshot v1, https://goo.gl/fbAQLP

exports[`Chat matches snapshot 1`] = `
<Application
  settingsOpen={false}
  store={
    Object {
      "dispatch": [MockFunction],
      "getState": [MockFunction] {
        "calls": Array [
          Array [],
          Array [],
        ],
        "results": Array [
          Object {
            "isThrow": false,
            "value": Object {
              "ui": Object {
                "settingsOpen": false,
                "welcomeScreenOpen": false,
              },
            },
          },
          Object {
            "isThrow": false,
            "value": Object {
              "ui": Object {
                "settingsOpen": false,
                "welcomeScreenOpen": false,
              },
            },
          },
        ],
      },
      "subscribe": [MockFunction] {
        "calls": Array [
          Array [
            [Function],
          ],
        ],
        "results": Array [
          Object {
            "isThrow": false,
            "value": undefined,
          },
        ],
      },
    }
  }
  welcomeScreenOpen={false}
/>
`;
