// Jest Snapshot v1, https://goo.gl/fbAQLP

exports[`OperatorClientMenu matches snapshot 1`] = `
<OperatorClientMenu
  openChats={0}
  operatorFilter="all"
  setFilter={[Function]}
  store={
    Object {
      "dispatch": [MockFunction],
      "getState": [MockFunction] {
        "calls": Array [
          Array [],
          Array [],
        ],
        "results": Array [
          Object {
            "isThrow": false,
            "value": Object {
              "chat": Object {
                "chats": Array [],
                "operatorFilter": "all",
              },
            },
          },
          Object {
            "isThrow": false,
            "value": Object {
              "chat": Object {
                "chats": Array [],
                "operatorFilter": "all",
              },
            },
          },
        ],
      },
      "subscribe": [MockFunction] {
        "calls": Array [
          Array [
            [Function],
          ],
        ],
        "results": Array [
          Object {
            "isThrow": false,
            "value": undefined,
          },
        ],
      },
    }
  }
/>
`;
