exports[`OperatorSettingsMenu matches snapshot 1`] = `
<section
  className="SettingsMenu">
  <div
    className="Settings__box">
    <img
      alt="billmurray"
      className="Settings__avatar"
      src="http://www.fillmurray.com/50/50" />
    <span>
      Operator: Steve
    </span>
  </div>
</section>
`;
